stm32f446xx_i2c_driver.c:28:13:I2C_GenerateStartCondition	16	static
stm32f446xx_i2c_driver.c:45:13:I2C_ExecuteAddressPhaseWrite	16	static
stm32f446xx_i2c_driver.c:64:13:I2C_ExecuteAddressPhaseRead	16	static
stm32f446xx_i2c_driver.c:82:13:I2C_ClearADDRFlag	24	static
stm32f446xx_i2c_driver.c:132:6:I2C_GenerateStopCondition	16	static
stm32f446xx_i2c_driver.c:149:6:I2C_SlaveEnableDisableCallbackEvents	16	static
stm32f446xx_i2c_driver.c:177:6:I2C_PeripheralControl	16	static
stm32f446xx_i2c_driver.c:202:6:I2C_PeriClockControl	16	static
stm32f446xx_i2c_driver.c:236:6:I2C_Init	24	static
stm32f446xx_i2c_driver.c:311:6:I2C_DeInit	16	static
stm32f446xx_i2c_driver.c:334:9:I2C_GetFlagStatus	16	static
stm32f446xx_i2c_driver.c:358:6:I2C_MasterSendData	24	static
stm32f446xx_i2c_driver.c:414:6:I2C_MasterReceiveData	32	static
stm32f446xx_i2c_driver.c:499:6:I2C_ManageAcking	16	static
stm32f446xx_i2c_driver.c:527:9:I2C_MasterSendDataIT	32	static
stm32f446xx_i2c_driver.c:572:9:I2C_MasterReceiveDataIT	32	static
stm32f446xx_i2c_driver.c:614:6:I2C_IRQInterruptConfig	16	static
stm32f446xx_i2c_driver.c:676:6:I2C_IRQPriorityConfig	24	static
stm32f446xx_i2c_driver.c:698:13:I2C_MasterHandleTXEInterrupt	16	static
stm32f446xx_i2c_driver.c:725:13:I2C_MasterHandleRXNEInterrupt	16	static
stm32f446xx_i2c_driver.c:776:6:I2C_CloseReceiveData	16	static
stm32f446xx_i2c_driver.c:808:6:I2C_CloseSendData	16	static
stm32f446xx_i2c_driver.c:834:6:I2C_SlaveSendData	16	static
stm32f446xx_i2c_driver.c:851:9:I2C_SlaveReceiveData	16	static
stm32f446xx_i2c_driver.c:868:6:I2C_EV_IRQHandling	32	static
stm32f446xx_i2c_driver.c:1009:6:I2C_ER_IRQHandling	24	static
